[     143ms] [LOG] [Fast Refresh] rebuilding @ http://localhost:3000/_next/static/chunks/node_modules_next_dist_115brz8._.js:2431
[     174ms] [LOG] [Fast Refresh] done in 131ms @ http://localhost:3000/_next/static/chunks/node_modules_next_dist_115brz8._.js:2431
[     571ms] [ERROR] Loading the script 'https://analytics.ahrefs.com/analytics.js' violates the following Content Security Policy directive: "script-src 'self' 'unsafe-inline' 'unsafe-eval' https://www.youtube.com https://www.googletagmanager.com https://js.stripe.com https://vivenu.com". Note that 'script-src-elem' was not explicitly set, so 'script-src' is used as a fallback. The action has been blocked. @ http://localhost:3000/:0
[     755ms] [INFO] %cDownload the React DevTools for a better development experience: https://react.dev/link/react-devtools font-weight:bold @ http://localhost:3000/_next/static/chunks/node_modules_next_dist_115brz8._.js:2431
[     839ms] [LOG] [HMR] connected @ http://localhost:3000/_next/static/chunks/node_modules_next_dist_115brz8._.js:2431
[    1118ms] [ERROR] Loading the script 'https://analytics.ahrefs.com/analytics.js' violates the following Content Security Policy directive: "script-src 'self' 'unsafe-inline' 'unsafe-eval' https://www.youtube.com https://www.googletagmanager.com https://js.stripe.com https://vivenu.com". Note that 'script-src-elem' was not explicitly set, so 'script-src' is used as a fallback. The action has been blocked. @ http://localhost:3000/_next/static/chunks/node_modules_03z~6pq._.js:218
[    1363ms] [WARNING] Image with src "https://cdn.sanity.io/images/7zy866a4/production/5682afe9a8ec809f58d045eaef6c556109813b07-5553x3636.jpg?rect=353,0,4848,3636&w=600&h=450" has "fill" but is missing "sizes" prop. Please add it to improve page performance. Read more: https://nextjs.org/docs/api-reference/next/image#sizes @ http://localhost:3000/_next/static/chunks/node_modules_next_dist_115brz8._.js:2431
[    1383ms] [WARNING] Image with src "https://cdn.sanity.io/images/7zy866a4/production/35c539b296f4af4d36037572dcb9e0af7fbe7682-6264x4176.jpg?rect=348,0,5568,4176&w=600&h=450" has "fill" but is missing "sizes" prop. Please add it to improve page performance. Read more: https://nextjs.org/docs/api-reference/next/image#sizes @ http://localhost:3000/_next/static/chunks/node_modules_next_dist_115brz8._.js:2431
[    1384ms] [WARNING] Image with src "https://cdn.sanity.io/images/7zy866a4/production/529a3be4131fe58796cb9f35a98567d60f72945f-2000x1334.jpg?rect=111,0,1779,1334&w=600&h=450" has "fill" but is missing "sizes" prop. Please add it to improve page performance. Read more: https://nextjs.org/docs/api-reference/next/image#sizes @ http://localhost:3000/_next/static/chunks/node_modules_next_dist_115brz8._.js:2431
[    1505ms] [WARNING] Unrecognized feature: 'web-share'. @ https://www.youtube.com/s/player/6b5a0420/www-widgetapi.vflset/www-widgetapi.js:193
[   60467ms] [ERROR] WebSocket connection to 'ws://localhost:3000/_next/webpack-hmr?id=AzeRseK2KS2KHY4FmRHlP' failed: Error in connection establishment: net::ERR_CONNECTION_REFUSED @ http://localhost:3000/_next/static/chunks/node_modules_next_dist_client_0fhqo1d._.js:13299
[   61472ms] [ERROR] WebSocket connection to 'ws://localhost:3000/_next/webpack-hmr?id=AzeRseK2KS2KHY4FmRHlP' failed: Error in connection establishment: net::ERR_CONNECTION_REFUSED @ http://localhost:3000/_next/static/chunks/node_modules_next_dist_client_0fhqo1d._.js:13299
[   62477ms] [ERROR] WebSocket connection to 'ws://localhost:3000/_next/webpack-hmr?id=AzeRseK2KS2KHY4FmRHlP' failed: Error in connection establishment: net::ERR_CONNECTION_REFUSED @ http://localhost:3000/_next/static/chunks/node_modules_next_dist_client_0fhqo1d._.js:13299
[   63481ms] [ERROR] WebSocket connection to 'ws://localhost:3000/_next/webpack-hmr?id=AzeRseK2KS2KHY4FmRHlP' failed: Error in connection establishment: net::ERR_CONNECTION_REFUSED @ http://localhost:3000/_next/static/chunks/node_modules_next_dist_client_0fhqo1d._.js:13299
[   64485ms] [ERROR] WebSocket connection to 'ws://localhost:3000/_next/webpack-hmr?id=AzeRseK2KS2KHY4FmRHlP' failed: Error in connection establishment: net::ERR_CONNECTION_REFUSED @ http://localhost:3000/_next/static/chunks/node_modules_next_dist_client_0fhqo1d._.js:13299
[   69487ms] [ERROR] WebSocket connection to 'ws://localhost:3000/_next/webpack-hmr?id=AzeRseK2KS2KHY4FmRHlP' failed: Error in connection establishment: net::ERR_CONNECTION_REFUSED @ http://localhost:3000/_next/static/chunks/node_modules_next_dist_client_0fhqo1d._.js:13299
[   74490ms] [ERROR] WebSocket connection to 'ws://localhost:3000/_next/webpack-hmr?id=AzeRseK2KS2KHY4FmRHlP' failed: Error in connection establishment: net::ERR_CONNECTION_REFUSED @ http://localhost:3000/_next/static/chunks/node_modules_next_dist_client_0fhqo1d._.js:13299
[   79494ms] [ERROR] WebSocket connection to 'ws://localhost:3000/_next/webpack-hmr?id=AzeRseK2KS2KHY4FmRHlP' failed: Error in connection establishment: net::ERR_CONNECTION_REFUSED @ http://localhost:3000/_next/static/chunks/node_modules_next_dist_client_0fhqo1d._.js:13299
[   84498ms] [ERROR] WebSocket connection to 'ws://localhost:3000/_next/webpack-hmr?id=AzeRseK2KS2KHY4FmRHlP' failed: Error in connection establishment: net::ERR_CONNECTION_REFUSED @ http://localhost:3000/_next/static/chunks/node_modules_next_dist_client_0fhqo1d._.js:13299
[   89501ms] [ERROR] WebSocket connection to 'ws://localhost:3000/_next/webpack-hmr?id=AzeRseK2KS2KHY4FmRHlP' failed: Error in connection establishment: net::ERR_CONNECTION_REFUSED @ http://localhost:3000/_next/static/chunks/node_modules_next_dist_client_0fhqo1d._.js:13299
[   94505ms] [ERROR] WebSocket connection to 'ws://localhost:3000/_next/webpack-hmr?id=AzeRseK2KS2KHY4FmRHlP' failed: Error in connection establishment: net::ERR_CONNECTION_REFUSED @ http://localhost:3000/_next/static/chunks/node_modules_next_dist_client_0fhqo1d._.js:13299
[   99508ms] [ERROR] WebSocket connection to 'ws://localhost:3000/_next/webpack-hmr?id=AzeRseK2KS2KHY4FmRHlP' failed: Error in connection establishment: net::ERR_CONNECTION_REFUSED @ http://localhost:3000/_next/static/chunks/node_modules_next_dist_client_0fhqo1d._.js:13299
